[    1000ms] [INFO] %cDownload the React DevTools for a better development experience: https://react.dev/link/react-devtools font-weight:bold @ http://localhost:61846/_next/static/chunks/node_modules_next_dist_f3530cac._.js:2297
[    1791ms] [WARNING] Image with src "/ektar-logo.png" has either width or height modified, but not the other. If you use CSS to change the size of your image, also include the styles 'width: "auto"' or 'height: "auto"' to maintain the aspect ratio. @ http://localhost:61846/_next/static/chunks/node_modules_next_dist_f3530cac._.js:2297
[    2015ms] [LOG] [HMR] connected @ http://localhost:61846/_next/static/chunks/node_modules_next_dist_f3530cac._.js:2297
[   11418ms] [LOG] [Fast Refresh] rebuilding @ http://localhost:61846/_next/static/chunks/node_modules_next_dist_f3530cac._.js:2297
[   11589ms] [LOG] [Fast Refresh] done in 297ms @ http://localhost:61846/_next/static/chunks/node_modules_next_dist_f3530cac._.js:2297
[   21385ms] [LOG] [Fast Refresh] rebuilding @ http://localhost:61846/_next/static/chunks/node_modules_next_dist_f3530cac._.js:2297
[   21505ms] [LOG] [Fast Refresh] done in 230ms @ http://localhost:61846/_next/static/chunks/node_modules_next_dist_f3530cac._.js:2297
[   31383ms] [LOG] [Fast Refresh] rebuilding @ http://localhost:61846/_next/static/chunks/node_modules_next_dist_f3530cac._.js:2297
[   31578ms] [LOG] [Fast Refresh] done in 303ms @ http://localhost:61846/_next/static/chunks/node_modules_next_dist_f3530cac._.js:2297
[   32985ms] [LOG] [Fast Refresh] rebuilding @ http://localhost:61846/_next/static/chunks/node_modules_next_dist_f3530cac._.js:2297
[   33157ms] [LOG] [Fast Refresh] done in 314ms @ http://localhost:61846/_next/static/chunks/node_modules_next_dist_f3530cac._.js:2297
[   41368ms] [LOG] [Fast Refresh] rebuilding @ http://localhost:61846/_next/static/chunks/node_modules_next_dist_f3530cac._.js:2297
[   41439ms] [LOG] [Fast Refresh] done in 179ms @ http://localhost:61846/_next/static/chunks/node_modules_next_dist_f3530cac._.js:2297
[   51386ms] [LOG] [Fast Refresh] rebuilding @ http://localhost:61846/_next/static/chunks/node_modules_next_dist_f3530cac._.js:2297
[   51538ms] [LOG] [Fast Refresh] done in 263ms @ http://localhost:61846/_next/static/chunks/node_modules_next_dist_f3530cac._.js:2297
[   61386ms] [LOG] [Fast Refresh] rebuilding @ http://localhost:61846/_next/static/chunks/node_modules_next_dist_f3530cac._.js:2297
[   61438ms] [LOG] [Fast Refresh] done in 163ms @ http://localhost:61846/_next/static/chunks/node_modules_next_dist_f3530cac._.js:2297
[   71375ms] [LOG] [Fast Refresh] rebuilding @ http://localhost:61846/_next/static/chunks/node_modules_next_dist_f3530cac._.js:2297
[   71493ms] [LOG] [Fast Refresh] done in 219ms @ http://localhost:61846/_next/static/chunks/node_modules_next_dist_f3530cac._.js:2297
[   75918ms] [LOG] [Fast Refresh] rebuilding @ http://localhost:61846/_next/static/chunks/node_modules_next_dist_f3530cac._.js:2297
[   77265ms] [INFO] %cDownload the React DevTools for a better development experience: https://react.dev/link/react-devtools font-weight:bold @ http://localhost:61846/_next/static/chunks/node_modules_react-dom_4411d9bd._.js:15305
[   77492ms] Error: An unexpected Turbopack error occurred. Please see the output of `next dev` for more details.
    at getServerError (http://localhost:61846/_next/static/chunks/node_modules_next_dist_b3fb3b5f._.js:2050:62)
    at http://localhost:61846/_next/static/chunks/node_modules_next_dist_client_5a8a528e._.js:3696:27
[   77783ms] [LOG] [HMR] connected @ http://localhost:61846/_next/static/chunks/node_modules_next_dist_b3fb3b5f._.js:1206
