[     688ms] [INFO] %cDownload the React DevTools for a better development experience: https://react.dev/link/react-devtools font-weight:bold @ http://localhost:60632/_next/static/chunks/node_modules_next_dist_f3530cac._.js:2297
[    1121ms] [WARNING] Image with src "/ektar-logo.png" has either width or height modified, but not the other. If you use CSS to change the size of your image, also include the styles 'width: "auto"' or 'height: "auto"' to maintain the aspect ratio. @ http://localhost:60632/_next/static/chunks/node_modules_next_dist_f3530cac._.js:2297
[    1185ms] [LOG] [HMR] connected @ http://localhost:60632/_next/static/chunks/node_modules_next_dist_f3530cac._.js:2297
[    2687ms] [LOG] [Fast Refresh] rebuilding @ http://localhost:60632/_next/static/chunks/node_modules_next_dist_f3530cac._.js:2297
[    3127ms] [LOG] [Fast Refresh] done in 552ms @ http://localhost:60632/_next/static/chunks/node_modules_next_dist_f3530cac._.js:2297
[   10711ms] [LOG] [Fast Refresh] rebuilding @ http://localhost:60632/_next/static/chunks/node_modules_next_dist_f3530cac._.js:2297
[   11523ms] [LOG] [Fast Refresh] done in 938ms @ http://localhost:60632/_next/static/chunks/node_modules_next_dist_f3530cac._.js:2297
[   12669ms] [LOG] [Fast Refresh] rebuilding @ http://localhost:60632/_next/static/chunks/node_modules_next_dist_f3530cac._.js:2297
[   13506ms] [LOG] [Fast Refresh] done in 948ms @ http://localhost:60632/_next/static/chunks/node_modules_next_dist_f3530cac._.js:2297
[   22908ms] [LOG] [Fast Refresh] rebuilding @ http://localhost:60632/_next/static/chunks/node_modules_next_dist_f3530cac._.js:2297
[   25627ms] [LOG] [Fast Refresh] done in 2837ms @ http://localhost:60632/_next/static/chunks/node_modules_next_dist_f3530cac._.js:2297
[   25874ms] [LOG] [Fast Refresh] rebuilding @ http://localhost:60632/_next/static/chunks/node_modules_next_dist_f3530cac._.js:2297
[   27101ms] [LOG] [Fast Refresh] done in 1343ms @ http://localhost:60632/_next/static/chunks/node_modules_next_dist_f3530cac._.js:2297
[   27354ms] [LOG] [Fast Refresh] rebuilding @ http://localhost:60632/_next/static/chunks/node_modules_next_dist_f3530cac._.js:2297
[   27541ms] [LOG] [Fast Refresh] done in 293ms @ http://localhost:60632/_next/static/chunks/node_modules_next_dist_f3530cac._.js:2297
[   27846ms] [LOG] [Fast Refresh] rebuilding @ http://localhost:60632/_next/static/chunks/node_modules_next_dist_f3530cac._.js:2297
[   27880ms] [LOG] [Fast Refresh] done in 141ms @ http://localhost:60632/_next/static/chunks/node_modules_next_dist_f3530cac._.js:2297
[   32407ms] [LOG] [Fast Refresh] rebuilding @ http://localhost:60632/_next/static/chunks/node_modules_next_dist_f3530cac._.js:2297
[   32470ms] [LOG] [Fast Refresh] done in 182ms @ http://localhost:60632/_next/static/chunks/node_modules_next_dist_f3530cac._.js:2297
[   32757ms] [LOG] [Fast Refresh] rebuilding @ http://localhost:60632/_next/static/chunks/node_modules_next_dist_f3530cac._.js:2297
[   35374ms] [LOG] [Fast Refresh] done in 2720ms @ http://localhost:60632/_next/static/chunks/node_modules_next_dist_f3530cac._.js:2297
[   39356ms] [LOG] [Fast Refresh] rebuilding @ http://localhost:60632/_next/static/chunks/node_modules_next_dist_f3530cac._.js:2297
[   39533ms] [LOG] [Fast Refresh] done in 278ms @ http://localhost:60632/_next/static/chunks/node_modules_next_dist_f3530cac._.js:2297
[   40277ms] [LOG] [Fast Refresh] rebuilding @ http://localhost:60632/_next/static/chunks/node_modules_next_dist_f3530cac._.js:2297
[   40278ms] [LOG] [Fast Refresh] done in 116ms @ http://localhost:60632/_next/static/chunks/node_modules_next_dist_f3530cac._.js:2297
[   40524ms] [LOG] [Fast Refresh] rebuilding @ http://localhost:60632/_next/static/chunks/node_modules_next_dist_f3530cac._.js:2297
[   40673ms] [LOG] [Fast Refresh] done in 260ms @ http://localhost:60632/_next/static/chunks/node_modules_next_dist_f3530cac._.js:2297
[   40923ms] [LOG] [Fast Refresh] rebuilding @ http://localhost:60632/_next/static/chunks/node_modules_next_dist_f3530cac._.js:2297
[   40959ms] [LOG] [Fast Refresh] done in 142ms @ http://localhost:60632/_next/static/chunks/node_modules_next_dist_f3530cac._.js:2297
[   52591ms] [LOG] [Fast Refresh] rebuilding @ http://localhost:60632/_next/static/chunks/node_modules_next_dist_f3530cac._.js:2297
[   52908ms] [LOG] [Fast Refresh] done in 422ms @ http://localhost:60632/_next/static/chunks/node_modules_next_dist_f3530cac._.js:2297
[   72755ms] [LOG] [Fast Refresh] rebuilding @ http://localhost:60632/_next/static/chunks/node_modules_next_dist_f3530cac._.js:2297
[   73423ms] [LOG] [Fast Refresh] done in 814ms @ http://localhost:60632/_next/static/chunks/node_modules_next_dist_f3530cac._.js:2297
[   74579ms] [LOG] [Fast Refresh] rebuilding @ http://localhost:60632/_next/static/chunks/node_modules_next_dist_f3530cac._.js:2297
[   74588ms] [LOG] [Fast Refresh] done in 144ms @ http://localhost:60632/_next/static/chunks/node_modules_next_dist_f3530cac._.js:2297
[   82658ms] [LOG] [Fast Refresh] rebuilding @ http://localhost:60632/_next/static/chunks/node_modules_next_dist_f3530cac._.js:2297
[   83020ms] [LOG] [Fast Refresh] done in 496ms @ http://localhost:60632/_next/static/chunks/node_modules_next_dist_f3530cac._.js:2297
[   92636ms] [LOG] [Fast Refresh] rebuilding @ http://localhost:60632/_next/static/chunks/node_modules_next_dist_f3530cac._.js:2297
[   93283ms] [LOG] [Fast Refresh] done in 772ms @ http://localhost:60632/_next/static/chunks/node_modules_next_dist_f3530cac._.js:2297
[   96844ms] [LOG] [Fast Refresh] rebuilding @ http://localhost:60632/_next/static/chunks/node_modules_next_dist_f3530cac._.js:2297
[   96875ms] [LOG] [Fast Refresh] done in 145ms @ http://localhost:60632/_next/static/chunks/node_modules_next_dist_f3530cac._.js:2297
[  109984ms] [LOG] [Fast Refresh] rebuilding @ http://localhost:60632/_next/static/chunks/node_modules_next_dist_f3530cac._.js:2297
[  110363ms] [LOG] [Fast Refresh] done in 489ms @ http://localhost:60632/_next/static/chunks/node_modules_next_dist_f3530cac._.js:2297
[  110822ms] [LOG] [Fast Refresh] rebuilding @ http://localhost:60632/_next/static/chunks/node_modules_next_dist_f3530cac._.js:2297
[  110838ms] [LOG] [Fast Refresh] done in 141ms @ http://localhost:60632/_next/static/chunks/node_modules_next_dist_f3530cac._.js:2297
[  111478ms] [LOG] [Fast Refresh] rebuilding @ http://localhost:60632/_next/static/chunks/node_modules_next_dist_f3530cac._.js:2297
[  111627ms] [LOG] [Fast Refresh] done in 271ms @ http://localhost:60632/_next/static/chunks/node_modules_next_dist_f3530cac._.js:2297
[  111990ms] [LOG] [Fast Refresh] rebuilding @ http://localhost:60632/_next/static/chunks/node_modules_next_dist_f3530cac._.js:2297
[  112237ms] [LOG] [Fast Refresh] done in 364ms @ http://localhost:60632/_next/static/chunks/node_modules_next_dist_f3530cac._.js:2297
[  112884ms] [LOG] [Fast Refresh] rebuilding @ http://localhost:60632/_next/static/chunks/node_modules_next_dist_f3530cac._.js:2297
[  113088ms] [LOG] [Fast Refresh] done in 346ms @ http://localhost:60632/_next/static/chunks/node_modules_next_dist_f3530cac._.js:2297
[  113212ms] [LOG] [Fast Refresh] rebuilding @ http://localhost:60632/_next/static/chunks/node_modules_next_dist_f3530cac._.js:2297
[  113748ms] [LOG] [Fast Refresh] done in 657ms @ http://localhost:60632/_next/static/chunks/node_modules_next_dist_f3530cac._.js:2297
[  141785ms] [LOG] [Fast Refresh] rebuilding @ http://localhost:60632/_next/static/chunks/node_modules_next_dist_f3530cac._.js:2297
[  141840ms] [LOG] [Fast Refresh] done in 166ms @ http://localhost:60632/_next/static/chunks/node_modules_next_dist_f3530cac._.js:2297
[  142035ms] [LOG] [Fast Refresh] rebuilding @ http://localhost:60632/_next/static/chunks/node_modules_next_dist_f3530cac._.js:2297
[  142118ms] [LOG] [Fast Refresh] done in 196ms @ http://localhost:60632/_next/static/chunks/node_modules_next_dist_f3530cac._.js:2297
[  142236ms] [LOG] [Fast Refresh] rebuilding @ http://localhost:60632/_next/static/chunks/node_modules_next_dist_f3530cac._.js:2297
[  142236ms] [LOG] [Fast Refresh] done in 116ms @ http://localhost:60632/_next/static/chunks/node_modules_next_dist_f3530cac._.js:2297
[  229726ms] [LOG] [Fast Refresh] rebuilding @ http://localhost:60632/_next/static/chunks/node_modules_next_dist_f3530cac._.js:2297
[  230105ms] [LOG] [Fast Refresh] done in 480ms @ http://localhost:60632/_next/static/chunks/node_modules_next_dist_f3530cac._.js:2297
