[     146ms] [LOG] [Fast Refresh] rebuilding @ http://localhost:60632/_next/static/chunks/node_modules_next_dist_f3530cac._.js:2297
[     402ms] [LOG] [Fast Refresh] done in 371ms @ http://localhost:60632/_next/static/chunks/node_modules_next_dist_f3530cac._.js:2297
[     640ms] [INFO] %cDownload the React DevTools for a better development experience: https://react.dev/link/react-devtools font-weight:bold @ http://localhost:60632/_next/static/chunks/node_modules_next_dist_f3530cac._.js:2297
[     998ms] [WARNING] Image with src "/ektar-logo.png" has either width or height modified, but not the other. If you use CSS to change the size of your image, also include the styles 'width: "auto"' or 'height: "auto"' to maintain the aspect ratio. @ http://localhost:60632/_next/static/chunks/node_modules_next_dist_f3530cac._.js:2297
[    1010ms] [LOG] [HMR] connected @ http://localhost:60632/_next/static/chunks/node_modules_next_dist_f3530cac._.js:2297
[    8657ms] [LOG] [Fast Refresh] rebuilding @ http://localhost:60632/_next/static/chunks/node_modules_next_dist_f3530cac._.js:2297
[    8966ms] [LOG] [Fast Refresh] done in 422ms @ http://localhost:60632/_next/static/chunks/node_modules_next_dist_f3530cac._.js:2297
[   18650ms] [LOG] [Fast Refresh] rebuilding @ http://localhost:60632/_next/static/chunks/node_modules_next_dist_f3530cac._.js:2297
[   18797ms] [LOG] [Fast Refresh] done in 250ms @ http://localhost:60632/_next/static/chunks/node_modules_next_dist_f3530cac._.js:2297
[   28658ms] [LOG] [Fast Refresh] rebuilding @ http://localhost:60632/_next/static/chunks/node_modules_next_dist_f3530cac._.js:2297
[   28810ms] [LOG] [Fast Refresh] done in 263ms @ http://localhost:60632/_next/static/chunks/node_modules_next_dist_f3530cac._.js:2297
[   35566ms] [LOG] [Fast Refresh] rebuilding @ http://localhost:60632/_next/static/chunks/node_modules_next_dist_f3530cac._.js:2297
[   35677ms] [LOG] [Fast Refresh] done in 234ms @ http://localhost:60632/_next/static/chunks/node_modules_next_dist_f3530cac._.js:2297
[   38669ms] [LOG] [Fast Refresh] rebuilding @ http://localhost:60632/_next/static/chunks/node_modules_next_dist_f3530cac._.js:2297
[   38899ms] [LOG] [Fast Refresh] done in 350ms @ http://localhost:60632/_next/static/chunks/node_modules_next_dist_f3530cac._.js:2297
[   39048ms] [LOG] [Fast Refresh] rebuilding @ http://localhost:60632/_next/static/chunks/node_modules_next_dist_f3530cac._.js:2297
[   39649ms] [LOG] [Fast Refresh] done in 704ms @ http://localhost:60632/_next/static/chunks/node_modules_next_dist_f3530cac._.js:2297
[   40848ms] [LOG] [Fast Refresh] rebuilding @ http://localhost:60632/_next/static/chunks/node_modules_next_dist_f3530cac._.js:2297
[   40883ms] [LOG] [Fast Refresh] done in 150ms @ http://localhost:60632/_next/static/chunks/node_modules_next_dist_f3530cac._.js:2297
[   41015ms] [LOG] [Fast Refresh] rebuilding @ http://localhost:60632/_next/static/chunks/node_modules_next_dist_f3530cac._.js:2297
[   41030ms] [LOG] [Fast Refresh] done in 117ms @ http://localhost:60632/_next/static/chunks/node_modules_next_dist_f3530cac._.js:2297
[   48647ms] [LOG] [Fast Refresh] rebuilding @ http://localhost:60632/_next/static/chunks/node_modules_next_dist_f3530cac._.js:2297
[   49020ms] [LOG] [Fast Refresh] done in 475ms @ http://localhost:60632/_next/static/chunks/node_modules_next_dist_f3530cac._.js:2297
[   49391ms] [LOG] [Fast Refresh] rebuilding @ http://localhost:60632/_next/static/chunks/node_modules_next_dist_f3530cac._.js:2297
[   49409ms] [LOG] [Fast Refresh] done in 141ms @ http://localhost:60632/_next/static/chunks/node_modules_next_dist_f3530cac._.js:2297
[   54843ms] [LOG] [Fast Refresh] rebuilding @ http://localhost:60632/_next/static/chunks/node_modules_next_dist_f3530cac._.js:2297
[   55382ms] [LOG] [Fast Refresh] done in 648ms @ http://localhost:60632/_next/static/chunks/node_modules_next_dist_f3530cac._.js:2297
[   58925ms] [LOG] [Fast Refresh] rebuilding @ http://localhost:60632/_next/static/chunks/node_modules_next_dist_f3530cac._.js:2297
[   62104ms] [LOG] [Fast Refresh] done in 3309ms @ http://localhost:60632/_next/static/chunks/node_modules_next_dist_f3530cac._.js:2297
[   68647ms] [LOG] [Fast Refresh] rebuilding @ http://localhost:60632/_next/static/chunks/node_modules_next_dist_f3530cac._.js:2297
[   68964ms] [LOG] [Fast Refresh] done in 419ms @ http://localhost:60632/_next/static/chunks/node_modules_next_dist_f3530cac._.js:2297
[   78661ms] [LOG] [Fast Refresh] rebuilding @ http://localhost:60632/_next/static/chunks/node_modules_next_dist_f3530cac._.js:2297
[   78863ms] [LOG] [Fast Refresh] done in 315ms @ http://localhost:60632/_next/static/chunks/node_modules_next_dist_f3530cac._.js:2297
[   81848ms] [LOG] [Fast Refresh] rebuilding @ http://localhost:60632/_next/static/chunks/node_modules_next_dist_f3530cac._.js:2297
[   82281ms] [LOG] [Fast Refresh] done in 537ms @ http://localhost:60632/_next/static/chunks/node_modules_next_dist_f3530cac._.js:2297
[   88673ms] [LOG] [Fast Refresh] rebuilding @ http://localhost:60632/_next/static/chunks/node_modules_next_dist_f3530cac._.js:2297
[   89023ms] [LOG] [Fast Refresh] done in 476ms @ http://localhost:60632/_next/static/chunks/node_modules_next_dist_f3530cac._.js:2297
[   95911ms] [LOG] [Fast Refresh] rebuilding @ http://localhost:60632/_next/static/chunks/node_modules_next_dist_f3530cac._.js:2297
[   96264ms] [LOG] [Fast Refresh] done in 468ms @ http://localhost:60632/_next/static/chunks/node_modules_next_dist_f3530cac._.js:2297
[   98662ms] [LOG] [Fast Refresh] rebuilding @ http://localhost:60632/_next/static/chunks/node_modules_next_dist_f3530cac._.js:2297
[   99109ms] [LOG] [Fast Refresh] done in 551ms @ http://localhost:60632/_next/static/chunks/node_modules_next_dist_f3530cac._.js:2297
[   99767ms] [LOG] [Fast Refresh] rebuilding @ http://localhost:60632/_next/static/chunks/node_modules_next_dist_f3530cac._.js:2297
[  100031ms] [LOG] [Fast Refresh] done in 367ms @ http://localhost:60632/_next/static/chunks/node_modules_next_dist_f3530cac._.js:2297
[  108759ms] [LOG] [Fast Refresh] rebuilding @ http://localhost:60632/_next/static/chunks/node_modules_next_dist_f3530cac._.js:2297
[  109379ms] [LOG] [Fast Refresh] done in 745ms @ http://localhost:60632/_next/static/chunks/node_modules_next_dist_f3530cac._.js:2297
[  117351ms] [LOG] [Fast Refresh] rebuilding @ http://localhost:60632/_next/static/chunks/node_modules_next_dist_f3530cac._.js:2297
[  117364ms] [LOG] [Fast Refresh] done in 116ms @ http://localhost:60632/_next/static/chunks/node_modules_next_dist_f3530cac._.js:2297
[  118765ms] [LOG] [Fast Refresh] rebuilding @ http://localhost:60632/_next/static/chunks/node_modules_next_dist_f3530cac._.js:2297
[  120090ms] [LOG] [Fast Refresh] done in 1438ms @ http://localhost:60632/_next/static/chunks/node_modules_next_dist_f3530cac._.js:2297
[  158646ms] [LOG] [Fast Refresh] rebuilding @ http://localhost:60632/_next/static/chunks/node_modules_next_dist_f3530cac._.js:2297
[  158862ms] [LOG] [Fast Refresh] done in 316ms @ http://localhost:60632/_next/static/chunks/node_modules_next_dist_f3530cac._.js:2297
[  168660ms] [LOG] [Fast Refresh] rebuilding @ http://localhost:60632/_next/static/chunks/node_modules_next_dist_f3530cac._.js:2297
[  168878ms] [LOG] [Fast Refresh] done in 329ms @ http://localhost:60632/_next/static/chunks/node_modules_next_dist_f3530cac._.js:2297
[  173484ms] [LOG] [Fast Refresh] rebuilding @ http://localhost:60632/_next/static/chunks/node_modules_next_dist_f3530cac._.js:2297
[  173485ms] [LOG] [Fast Refresh] done in 119ms @ http://localhost:60632/_next/static/chunks/node_modules_next_dist_f3530cac._.js:2297
[  178665ms] [LOG] [Fast Refresh] rebuilding @ http://localhost:60632/_next/static/chunks/node_modules_next_dist_f3530cac._.js:2297
[  179186ms] [LOG] [Fast Refresh] done in 637ms @ http://localhost:60632/_next/static/chunks/node_modules_next_dist_f3530cac._.js:2297
[  198722ms] [LOG] [Fast Refresh] rebuilding @ http://localhost:60632/_next/static/chunks/node_modules_next_dist_f3530cac._.js:2297
[  199247ms] [LOG] [Fast Refresh] done in 649ms @ http://localhost:60632/_next/static/chunks/node_modules_next_dist_f3530cac._.js:2297
[  208024ms] [LOG] [Fast Refresh] rebuilding @ http://localhost:60632/_next/static/chunks/node_modules_next_dist_f3530cac._.js:2297
[  208838ms] [LOG] [Fast Refresh] done in 978ms @ http://localhost:60632/_next/static/chunks/node_modules_next_dist_f3530cac._.js:2297
[  209610ms] [LOG] [Fast Refresh] rebuilding @ http://localhost:60632/_next/static/chunks/node_modules_next_dist_f3530cac._.js:2297
[  214098ms] [LOG] [Fast Refresh] done in 4604ms @ http://localhost:60632/_next/static/chunks/node_modules_next_dist_f3530cac._.js:2297
[  218662ms] [LOG] [Fast Refresh] rebuilding @ http://localhost:60632/_next/static/chunks/node_modules_next_dist_f3530cac._.js:2297
[  220383ms] [LOG] [Fast Refresh] done in 1820ms @ http://localhost:60632/_next/static/chunks/node_modules_next_dist_f3530cac._.js:2297
[  238447ms] [LOG] [Fast Refresh] rebuilding @ http://localhost:60632/_next/static/chunks/node_modules_next_dist_f3530cac._.js:2297
[  239115ms] [LOG] [Fast Refresh] done in 768ms @ http://localhost:60632/_next/static/chunks/node_modules_next_dist_f3530cac._.js:2297
[  239326ms] [LOG] [Fast Refresh] rebuilding @ http://localhost:60632/_next/static/chunks/node_modules_next_dist_f3530cac._.js:2297
[  239876ms] [LOG] [Fast Refresh] done in 674ms @ http://localhost:60632/_next/static/chunks/node_modules_next_dist_f3530cac._.js:2297
[  242487ms] [LOG] [Fast Refresh] rebuilding @ http://localhost:60632/_next/static/chunks/node_modules_next_dist_f3530cac._.js:2297
[  248653ms] [LOG] [Fast Refresh] done in 6340ms @ http://localhost:60632/_next/static/chunks/node_modules_next_dist_f3530cac._.js:2297
[  249006ms] [LOG] [Fast Refresh] rebuilding @ http://localhost:60632/_next/static/chunks/node_modules_next_dist_f3530cac._.js:2297
[  249008ms] [LOG] [Fast Refresh] done in 133ms @ http://localhost:60632/_next/static/chunks/node_modules_next_dist_f3530cac._.js:2297
[  249161ms] [LOG] [Fast Refresh] rebuilding @ http://localhost:60632/_next/static/chunks/node_modules_next_dist_f3530cac._.js:2297
[  249801ms] [LOG] [Fast Refresh] done in 766ms @ http://localhost:60632/_next/static/chunks/node_modules_next_dist_f3530cac._.js:2297
[  250282ms] [LOG] [Fast Refresh] rebuilding @ http://localhost:60632/_next/static/chunks/node_modules_next_dist_f3530cac._.js:2297
[  250410ms] [LOG] [Fast Refresh] done in 281ms @ http://localhost:60632/_next/static/chunks/node_modules_next_dist_f3530cac._.js:2297
[  250568ms] [LOG] [Fast Refresh] rebuilding @ http://localhost:60632/_next/static/chunks/node_modules_next_dist_f3530cac._.js:2297
[  250691ms] [LOG] [Fast Refresh] done in 244ms @ http://localhost:60632/_next/static/chunks/node_modules_next_dist_f3530cac._.js:2297
[  250870ms] [LOG] [Fast Refresh] rebuilding @ http://localhost:60632/_next/static/chunks/node_modules_next_dist_f3530cac._.js:2297
[  254971ms] [LOG] [Fast Refresh] done in 4233ms @ http://localhost:60632/_next/static/chunks/node_modules_next_dist_f3530cac._.js:2297
[  263749ms] [LOG] [Fast Refresh] rebuilding @ http://localhost:60632/_next/static/chunks/node_modules_next_dist_f3530cac._.js:2297
[  263836ms] [LOG] [Fast Refresh] done in 193ms @ http://localhost:60632/_next/static/chunks/node_modules_next_dist_f3530cac._.js:2297
[  268677ms] [LOG] [Fast Refresh] rebuilding @ http://localhost:60632/_next/static/chunks/node_modules_next_dist_f3530cac._.js:2297
[  268895ms] [LOG] [Fast Refresh] done in 349ms @ http://localhost:60632/_next/static/chunks/node_modules_next_dist_f3530cac._.js:2297
[  278645ms] [LOG] [Fast Refresh] rebuilding @ http://localhost:60632/_next/static/chunks/node_modules_next_dist_f3530cac._.js:2297
[  278753ms] [LOG] [Fast Refresh] done in 209ms @ http://localhost:60632/_next/static/chunks/node_modules_next_dist_f3530cac._.js:2297
[  288644ms] [LOG] [Fast Refresh] rebuilding @ http://localhost:60632/_next/static/chunks/node_modules_next_dist_f3530cac._.js:2297
[  288711ms] [LOG] [Fast Refresh] done in 179ms @ http://localhost:60632/_next/static/chunks/node_modules_next_dist_f3530cac._.js:2297
[  294947ms] [LOG] [Fast Refresh] rebuilding @ http://localhost:60632/_next/static/chunks/node_modules_next_dist_f3530cac._.js:2297
[  297100ms] [LOG] [Fast Refresh] done in 2272ms @ http://localhost:60632/_next/static/chunks/node_modules_next_dist_f3530cac._.js:2297
[  299098ms] [LOG] [Fast Refresh] rebuilding @ http://localhost:60632/_next/static/chunks/node_modules_next_dist_f3530cac._.js:2297
[  299798ms] [LOG] [Fast Refresh] done in 805ms @ http://localhost:60632/_next/static/chunks/node_modules_next_dist_f3530cac._.js:2297
[  300583ms] [LOG] [Fast Refresh] rebuilding @ http://localhost:60632/_next/static/chunks/node_modules_next_dist_f3530cac._.js:2297
[  300897ms] [LOG] [Fast Refresh] done in 419ms @ http://localhost:60632/_next/static/chunks/node_modules_next_dist_f3530cac._.js:2297
[  304158ms] [LOG] [Fast Refresh] rebuilding @ http://localhost:60632/_next/static/chunks/node_modules_next_dist_f3530cac._.js:2297
[  304278ms] [LOG] [Fast Refresh] done in 220ms @ http://localhost:60632/_next/static/chunks/node_modules_next_dist_f3530cac._.js:2297
[  308677ms] [LOG] [Fast Refresh] rebuilding @ http://localhost:60632/_next/static/chunks/node_modules_next_dist_f3530cac._.js:2297
[  309281ms] [LOG] [Fast Refresh] done in 717ms @ http://localhost:60632/_next/static/chunks/node_modules_next_dist_f3530cac._.js:2297
[  318661ms] [LOG] [Fast Refresh] rebuilding @ http://localhost:60632/_next/static/chunks/node_modules_next_dist_f3530cac._.js:2297
[  319045ms] [LOG] [Fast Refresh] done in 496ms @ http://localhost:60632/_next/static/chunks/node_modules_next_dist_f3530cac._.js:2297
[  328692ms] [LOG] [Fast Refresh] rebuilding @ http://localhost:60632/_next/static/chunks/node_modules_next_dist_f3530cac._.js:2297
[  329104ms] [LOG] [Fast Refresh] done in 551ms @ http://localhost:60632/_next/static/chunks/node_modules_next_dist_f3530cac._.js:2297
[  348643ms] [LOG] [Fast Refresh] rebuilding @ http://localhost:60632/_next/static/chunks/node_modules_next_dist_f3530cac._.js:2297
[  348811ms] [LOG] [Fast Refresh] done in 269ms @ http://localhost:60632/_next/static/chunks/node_modules_next_dist_f3530cac._.js:2297
[  358664ms] [LOG] [Fast Refresh] rebuilding @ http://localhost:60632/_next/static/chunks/node_modules_next_dist_f3530cac._.js:2297
[  358848ms] [LOG] [Fast Refresh] done in 303ms @ http://localhost:60632/_next/static/chunks/node_modules_next_dist_f3530cac._.js:2297
[  368642ms] [LOG] [Fast Refresh] rebuilding @ http://localhost:60632/_next/static/chunks/node_modules_next_dist_f3530cac._.js:2297
[  368816ms] [LOG] [Fast Refresh] done in 282ms @ http://localhost:60632/_next/static/chunks/node_modules_next_dist_f3530cac._.js:2297
[  378658ms] [LOG] [Fast Refresh] rebuilding @ http://localhost:60632/_next/static/chunks/node_modules_next_dist_f3530cac._.js:2297
[  378743ms] [LOG] [Fast Refresh] done in 198ms @ http://localhost:60632/_next/static/chunks/node_modules_next_dist_f3530cac._.js:2297
[  388641ms] [LOG] [Fast Refresh] rebuilding @ http://localhost:60632/_next/static/chunks/node_modules_next_dist_f3530cac._.js:2297
[  388761ms] [LOG] [Fast Refresh] done in 229ms @ http://localhost:60632/_next/static/chunks/node_modules_next_dist_f3530cac._.js:2297
[  398650ms] [LOG] [Fast Refresh] rebuilding @ http://localhost:60632/_next/static/chunks/node_modules_next_dist_f3530cac._.js:2297
[  398760ms] [LOG] [Fast Refresh] done in 215ms @ http://localhost:60632/_next/static/chunks/node_modules_next_dist_f3530cac._.js:2297
[  408642ms] [LOG] [Fast Refresh] rebuilding @ http://localhost:60632/_next/static/chunks/node_modules_next_dist_f3530cac._.js:2297
[  408730ms] [LOG] [Fast Refresh] done in 198ms @ http://localhost:60632/_next/static/chunks/node_modules_next_dist_f3530cac._.js:2297
[  418647ms] [LOG] [Fast Refresh] rebuilding @ http://localhost:60632/_next/static/chunks/node_modules_next_dist_f3530cac._.js:2297
[  418743ms] [LOG] [Fast Refresh] done in 199ms @ http://localhost:60632/_next/static/chunks/node_modules_next_dist_f3530cac._.js:2297
[  428658ms] [LOG] [Fast Refresh] rebuilding @ http://localhost:60632/_next/static/chunks/node_modules_next_dist_f3530cac._.js:2297
[  428733ms] [LOG] [Fast Refresh] done in 191ms @ http://localhost:60632/_next/static/chunks/node_modules_next_dist_f3530cac._.js:2297
[  438658ms] [LOG] [Fast Refresh] rebuilding @ http://localhost:60632/_next/static/chunks/node_modules_next_dist_f3530cac._.js:2297
[  438731ms] [LOG] [Fast Refresh] done in 188ms @ http://localhost:60632/_next/static/chunks/node_modules_next_dist_f3530cac._.js:2297
[  448669ms] [LOG] [Fast Refresh] rebuilding @ http://localhost:60632/_next/static/chunks/node_modules_next_dist_f3530cac._.js:2297
[  448776ms] [LOG] [Fast Refresh] done in 226ms @ http://localhost:60632/_next/static/chunks/node_modules_next_dist_f3530cac._.js:2297
[  458649ms] [LOG] [Fast Refresh] rebuilding @ http://localhost:60632/_next/static/chunks/node_modules_next_dist_f3530cac._.js:2297
[  458793ms] [LOG] [Fast Refresh] done in 250ms @ http://localhost:60632/_next/static/chunks/node_modules_next_dist_f3530cac._.js:2297
[  468647ms] [LOG] [Fast Refresh] rebuilding @ http://localhost:60632/_next/static/chunks/node_modules_next_dist_f3530cac._.js:2297
[  468813ms] [LOG] [Fast Refresh] done in 267ms @ http://localhost:60632/_next/static/chunks/node_modules_next_dist_f3530cac._.js:2297
[  478718ms] [LOG] [Fast Refresh] rebuilding @ http://localhost:60632/_next/static/chunks/node_modules_next_dist_f3530cac._.js:2297
[  479532ms] [LOG] [Fast Refresh] done in 969ms @ http://localhost:60632/_next/static/chunks/node_modules_next_dist_f3530cac._.js:2297
[  498661ms] [LOG] [Fast Refresh] rebuilding @ http://localhost:60632/_next/static/chunks/node_modules_next_dist_f3530cac._.js:2297
[  498749ms] [LOG] [Fast Refresh] done in 188ms @ http://localhost:60632/_next/static/chunks/node_modules_next_dist_f3530cac._.js:2297
[  528677ms] [LOG] [Fast Refresh] rebuilding @ http://localhost:60632/_next/static/chunks/node_modules_next_dist_f3530cac._.js:2297
[  528969ms] [LOG] [Fast Refresh] done in 403ms @ http://localhost:60632/_next/static/chunks/node_modules_next_dist_f3530cac._.js:2297
[  548659ms] [LOG] [Fast Refresh] rebuilding @ http://localhost:60632/_next/static/chunks/node_modules_next_dist_f3530cac._.js:2297
[  548800ms] [LOG] [Fast Refresh] done in 252ms @ http://localhost:60632/_next/static/chunks/node_modules_next_dist_f3530cac._.js:2297
[  558659ms] [LOG] [Fast Refresh] rebuilding @ http://localhost:60632/_next/static/chunks/node_modules_next_dist_f3530cac._.js:2297
[  558712ms] [LOG] [Fast Refresh] done in 164ms @ http://localhost:60632/_next/static/chunks/node_modules_next_dist_f3530cac._.js:2297
[  568643ms] [LOG] [Fast Refresh] rebuilding @ http://localhost:60632/_next/static/chunks/node_modules_next_dist_f3530cac._.js:2297
[  568732ms] [LOG] [Fast Refresh] done in 201ms @ http://localhost:60632/_next/static/chunks/node_modules_next_dist_f3530cac._.js:2297
[  578643ms] [LOG] [Fast Refresh] rebuilding @ http://localhost:60632/_next/static/chunks/node_modules_next_dist_f3530cac._.js:2297
[  578664ms] [LOG] [Fast Refresh] done in 132ms @ http://localhost:60632/_next/static/chunks/node_modules_next_dist_f3530cac._.js:2297
[  588678ms] [LOG] [Fast Refresh] rebuilding @ http://localhost:60632/_next/static/chunks/node_modules_next_dist_f3530cac._.js:2297
[  589172ms] [LOG] [Fast Refresh] done in 613ms @ http://localhost:60632/_next/static/chunks/node_modules_next_dist_f3530cac._.js:2297
[  598662ms] [LOG] [Fast Refresh] rebuilding @ http://localhost:60632/_next/static/chunks/node_modules_next_dist_f3530cac._.js:2297
[  598827ms] [LOG] [Fast Refresh] done in 282ms @ http://localhost:60632/_next/static/chunks/node_modules_next_dist_f3530cac._.js:2297
[  608660ms] [LOG] [Fast Refresh] rebuilding @ http://localhost:60632/_next/static/chunks/node_modules_next_dist_f3530cac._.js:2297
[  608777ms] [LOG] [Fast Refresh] done in 230ms @ http://localhost:60632/_next/static/chunks/node_modules_next_dist_f3530cac._.js:2297
[  618646ms] [LOG] [Fast Refresh] rebuilding @ http://localhost:60632/_next/static/chunks/node_modules_next_dist_f3530cac._.js:2297
[  618815ms] [LOG] [Fast Refresh] done in 271ms @ http://localhost:60632/_next/static/chunks/node_modules_next_dist_f3530cac._.js:2297
[  628668ms] [LOG] [Fast Refresh] rebuilding @ http://localhost:60632/_next/static/chunks/node_modules_next_dist_f3530cac._.js:2297
[  628826ms] [LOG] [Fast Refresh] done in 279ms @ http://localhost:60632/_next/static/chunks/node_modules_next_dist_f3530cac._.js:2297
[  638663ms] [LOG] [Fast Refresh] rebuilding @ http://localhost:60632/_next/static/chunks/node_modules_next_dist_f3530cac._.js:2297
[  638828ms] [LOG] [Fast Refresh] done in 267ms @ http://localhost:60632/_next/static/chunks/node_modules_next_dist_f3530cac._.js:2297
[  648659ms] [LOG] [Fast Refresh] rebuilding @ http://localhost:60632/_next/static/chunks/node_modules_next_dist_f3530cac._.js:2297
[  648731ms] [LOG] [Fast Refresh] done in 183ms @ http://localhost:60632/_next/static/chunks/node_modules_next_dist_f3530cac._.js:2297
[  658645ms] [LOG] [Fast Refresh] rebuilding @ http://localhost:60632/_next/static/chunks/node_modules_next_dist_f3530cac._.js:2297
[  658897ms] [LOG] [Fast Refresh] done in 352ms @ http://localhost:60632/_next/static/chunks/node_modules_next_dist_f3530cac._.js:2297
[  668658ms] [LOG] [Fast Refresh] rebuilding @ http://localhost:60632/_next/static/chunks/node_modules_next_dist_f3530cac._.js:2297
[  668778ms] [LOG] [Fast Refresh] done in 231ms @ http://localhost:60632/_next/static/chunks/node_modules_next_dist_f3530cac._.js:2297
[  678643ms] [LOG] [Fast Refresh] rebuilding @ http://localhost:60632/_next/static/chunks/node_modules_next_dist_f3530cac._.js:2297
[  678759ms] [LOG] [Fast Refresh] done in 227ms @ http://localhost:60632/_next/static/chunks/node_modules_next_dist_f3530cac._.js:2297
[  688663ms] [LOG] [Fast Refresh] rebuilding @ http://localhost:60632/_next/static/chunks/node_modules_next_dist_f3530cac._.js:2297
[  688800ms] [LOG] [Fast Refresh] done in 252ms @ http://localhost:60632/_next/static/chunks/node_modules_next_dist_f3530cac._.js:2297
[  698674ms] [LOG] [Fast Refresh] rebuilding @ http://localhost:60632/_next/static/chunks/node_modules_next_dist_f3530cac._.js:2297
[  698843ms] [LOG] [Fast Refresh] done in 281ms @ http://localhost:60632/_next/static/chunks/node_modules_next_dist_f3530cac._.js:2297
[  708648ms] [LOG] [Fast Refresh] rebuilding @ http://localhost:60632/_next/static/chunks/node_modules_next_dist_f3530cac._.js:2297
[  708829ms] [LOG] [Fast Refresh] done in 283ms @ http://localhost:60632/_next/static/chunks/node_modules_next_dist_f3530cac._.js:2297
[  728677ms] [LOG] [Fast Refresh] rebuilding @ http://localhost:60632/_next/static/chunks/node_modules_next_dist_f3530cac._.js:2297
[  728866ms] [LOG] [Fast Refresh] done in 301ms @ http://localhost:60632/_next/static/chunks/node_modules_next_dist_f3530cac._.js:2297
[  793997ms] [LOG] [Fast Refresh] rebuilding @ http://localhost:60632/_next/static/chunks/node_modules_next_dist_f3530cac._.js:2297
[  794128ms] [LOG] [Fast Refresh] done in 234ms @ http://localhost:60632/_next/static/chunks/node_modules_next_dist_f3530cac._.js:2297
[  803976ms] [LOG] [Fast Refresh] rebuilding @ http://localhost:60632/_next/static/chunks/node_modules_next_dist_f3530cac._.js:2297
[  804047ms] [LOG] [Fast Refresh] done in 184ms @ http://localhost:60632/_next/static/chunks/node_modules_next_dist_f3530cac._.js:2297
[  813993ms] [LOG] [Fast Refresh] rebuilding @ http://localhost:60632/_next/static/chunks/node_modules_next_dist_f3530cac._.js:2297
[  814162ms] [LOG] [Fast Refresh] done in 281ms @ http://localhost:60632/_next/static/chunks/node_modules_next_dist_f3530cac._.js:2297
[  823998ms] [LOG] [Fast Refresh] rebuilding @ http://localhost:60632/_next/static/chunks/node_modules_next_dist_f3530cac._.js:2297
[  824160ms] [LOG] [Fast Refresh] done in 279ms @ http://localhost:60632/_next/static/chunks/node_modules_next_dist_f3530cac._.js:2297
[  833991ms] [LOG] [Fast Refresh] rebuilding @ http://localhost:60632/_next/static/chunks/node_modules_next_dist_f3530cac._.js:2297
[  833997ms] [LOG] [Fast Refresh] done in 119ms @ http://localhost:60632/_next/static/chunks/node_modules_next_dist_f3530cac._.js:2297
[  843966ms] [LOG] [Fast Refresh] rebuilding @ http://localhost:60632/_next/static/chunks/node_modules_next_dist_f3530cac._.js:2297
[  844026ms] [LOG] [Fast Refresh] done in 162ms @ http://localhost:60632/_next/static/chunks/node_modules_next_dist_f3530cac._.js:2297
[  853981ms] [LOG] [Fast Refresh] rebuilding @ http://localhost:60632/_next/static/chunks/node_modules_next_dist_f3530cac._.js:2297
[  854213ms] [LOG] [Fast Refresh] done in 332ms @ http://localhost:60632/_next/static/chunks/node_modules_next_dist_f3530cac._.js:2297
[  863976ms] [LOG] [Fast Refresh] rebuilding @ http://localhost:60632/_next/static/chunks/node_modules_next_dist_f3530cac._.js:2297
[  864215ms] [LOG] [Fast Refresh] done in 339ms @ http://localhost:60632/_next/static/chunks/node_modules_next_dist_f3530cac._.js:2297
[  873980ms] [LOG] [Fast Refresh] rebuilding @ http://localhost:60632/_next/static/chunks/node_modules_next_dist_f3530cac._.js:2297
[  874213ms] [LOG] [Fast Refresh] done in 335ms @ http://localhost:60632/_next/static/chunks/node_modules_next_dist_f3530cac._.js:2297
[  883979ms] [LOG] [Fast Refresh] rebuilding @ http://localhost:60632/_next/static/chunks/node_modules_next_dist_f3530cac._.js:2297
[  884162ms] [LOG] [Fast Refresh] done in 283ms @ http://localhost:60632/_next/static/chunks/node_modules_next_dist_f3530cac._.js:2297
[  894010ms] [LOG] [Fast Refresh] rebuilding @ http://localhost:60632/_next/static/chunks/node_modules_next_dist_f3530cac._.js:2297
[  894522ms] [LOG] [Fast Refresh] done in 625ms @ http://localhost:60632/_next/static/chunks/node_modules_next_dist_f3530cac._.js:2297
[  895735ms] [LOG] [Fast Refresh] rebuilding @ http://localhost:60632/_next/static/chunks/node_modules_next_dist_f3530cac._.js:2297
[  895737ms] [LOG] [Fast Refresh] done in 121ms @ http://localhost:60632/_next/static/chunks/node_modules_next_dist_f3530cac._.js:2297
[  904074ms] [LOG] [Fast Refresh] rebuilding @ http://localhost:60632/_next/static/chunks/node_modules_next_dist_f3530cac._.js:2297
[  904970ms] [LOG] [Fast Refresh] done in 1039ms @ http://localhost:60632/_next/static/chunks/node_modules_next_dist_f3530cac._.js:2297
[  923996ms] [LOG] [Fast Refresh] rebuilding @ http://localhost:60632/_next/static/chunks/node_modules_next_dist_f3530cac._.js:2297
[  924479ms] [LOG] [Fast Refresh] done in 595ms @ http://localhost:60632/_next/static/chunks/node_modules_next_dist_f3530cac._.js:2297
[  929718ms] [LOG] [Fast Refresh] rebuilding @ http://localhost:60632/_next/static/chunks/node_modules_next_dist_f3530cac._.js:2297
[  929796ms] [LOG] [Fast Refresh] done in 211ms @ http://localhost:60632/_next/static/chunks/node_modules_next_dist_f3530cac._.js:2297
[  934025ms] [LOG] [Fast Refresh] rebuilding @ http://localhost:60632/_next/static/chunks/node_modules_next_dist_f3530cac._.js:2297
[  935178ms] [LOG] [Fast Refresh] done in 1278ms @ http://localhost:60632/_next/static/chunks/node_modules_next_dist_f3530cac._.js:2297
[  943995ms] [LOG] [Fast Refresh] rebuilding @ http://localhost:60632/_next/static/chunks/node_modules_next_dist_f3530cac._.js:2297
[  944232ms] [LOG] [Fast Refresh] done in 354ms @ http://localhost:60632/_next/static/chunks/node_modules_next_dist_f3530cac._.js:2297
[  954027ms] [LOG] [Fast Refresh] rebuilding @ http://localhost:60632/_next/static/chunks/node_modules_next_dist_f3530cac._.js:2297
[  954684ms] [LOG] [Fast Refresh] done in 769ms @ http://localhost:60632/_next/static/chunks/node_modules_next_dist_f3530cac._.js:2297
[  961341ms] [LOG] [Fast Refresh] rebuilding @ http://localhost:60632/_next/static/chunks/node_modules_next_dist_f3530cac._.js:2297
[  961417ms] [LOG] [Fast Refresh] done in 191ms @ http://localhost:60632/_next/static/chunks/node_modules_next_dist_f3530cac._.js:2297
[  974013ms] [LOG] [Fast Refresh] rebuilding @ http://localhost:60632/_next/static/chunks/node_modules_next_dist_f3530cac._.js:2297
[  974475ms] [LOG] [Fast Refresh] done in 578ms @ http://localhost:60632/_next/static/chunks/node_modules_next_dist_f3530cac._.js:2297
[  983997ms] [LOG] [Fast Refresh] rebuilding @ http://localhost:60632/_next/static/chunks/node_modules_next_dist_f3530cac._.js:2297
[  984849ms] [LOG] [Fast Refresh] done in 955ms @ http://localhost:60632/_next/static/chunks/node_modules_next_dist_f3530cac._.js:2297
[  993967ms] [LOG] [Fast Refresh] rebuilding @ http://localhost:60632/_next/static/chunks/node_modules_next_dist_f3530cac._.js:2297
[  994012ms] [LOG] [Fast Refresh] done in 149ms @ http://localhost:60632/_next/static/chunks/node_modules_next_dist_f3530cac._.js:2297
[ 1003971ms] [LOG] [Fast Refresh] rebuilding @ http://localhost:60632/_next/static/chunks/node_modules_next_dist_f3530cac._.js:2297
[ 1003978ms] [LOG] [Fast Refresh] done in 113ms @ http://localhost:60632/_next/static/chunks/node_modules_next_dist_f3530cac._.js:2297
[ 1013987ms] [LOG] [Fast Refresh] rebuilding @ http://localhost:60632/_next/static/chunks/node_modules_next_dist_f3530cac._.js:2297
[ 1013997ms] [LOG] [Fast Refresh] done in 116ms @ http://localhost:60632/_next/static/chunks/node_modules_next_dist_f3530cac._.js:2297
[ 1022915ms] [LOG] [Fast Refresh] rebuilding @ http://localhost:60632/_next/static/chunks/node_modules_next_dist_f3530cac._.js:2297
[ 1023565ms] [LOG] [Fast Refresh] done in 358ms @ http://localhost:60632/_next/static/chunks/node_modules_next_dist_f3530cac._.js:2297
[ 1023730ms] [LOG] [Fast Refresh] rebuilding @ http://localhost:60632/_next/static/chunks/node_modules_next_dist_f3530cac._.js:2297
[ 1023881ms] [LOG] [Fast Refresh] done in 260ms @ http://localhost:60632/_next/static/chunks/node_modules_next_dist_f3530cac._.js:2297
[ 1024005ms] [LOG] [Fast Refresh] rebuilding @ http://localhost:60632/_next/static/chunks/node_modules_next_dist_f3530cac._.js:2297
[ 1024138ms] [LOG] [Fast Refresh] done in 241ms @ http://localhost:60632/_next/static/chunks/node_modules_next_dist_f3530cac._.js:2297
[ 1024874ms] [LOG] [Fast Refresh] rebuilding @ http://localhost:60632/_next/static/chunks/node_modules_next_dist_f3530cac._.js:2297
[ 1024892ms] [LOG] [Fast Refresh] done in 130ms @ http://localhost:60632/_next/static/chunks/node_modules_next_dist_f3530cac._.js:2297
[ 1033957ms] [LOG] [Fast Refresh] rebuilding @ http://localhost:60632/_next/static/chunks/node_modules_next_dist_f3530cac._.js:2297
[ 1033978ms] [LOG] [Fast Refresh] done in 130ms @ http://localhost:60632/_next/static/chunks/node_modules_next_dist_f3530cac._.js:2297
[ 1043991ms] [LOG] [Fast Refresh] rebuilding @ http://localhost:60632/_next/static/chunks/node_modules_next_dist_f3530cac._.js:2297
[ 1044007ms] [LOG] [Fast Refresh] done in 128ms @ http://localhost:60632/_next/static/chunks/node_modules_next_dist_f3530cac._.js:2297
[ 1053976ms] [LOG] [Fast Refresh] rebuilding @ http://localhost:60632/_next/static/chunks/node_modules_next_dist_f3530cac._.js:2297
[ 1054015ms] [LOG] [Fast Refresh] done in 153ms @ http://localhost:60632/_next/static/chunks/node_modules_next_dist_f3530cac._.js:2297
[ 1063974ms] [LOG] [Fast Refresh] rebuilding @ http://localhost:60632/_next/static/chunks/node_modules_next_dist_f3530cac._.js:2297
[ 1063976ms] [LOG] [Fast Refresh] done in 110ms @ http://localhost:60632/_next/static/chunks/node_modules_next_dist_f3530cac._.js:2297
[ 1083965ms] [LOG] [Fast Refresh] rebuilding @ http://localhost:60632/_next/static/chunks/node_modules_next_dist_f3530cac._.js:2297
[ 1084028ms] [LOG] [Fast Refresh] done in 164ms @ http://localhost:60632/_next/static/chunks/node_modules_next_dist_f3530cac._.js:2297
[ 1093991ms] [LOG] [Fast Refresh] rebuilding @ http://localhost:60632/_next/static/chunks/node_modules_next_dist_f3530cac._.js:2297
[ 1094010ms] [LOG] [Fast Refresh] done in 129ms @ http://localhost:60632/_next/static/chunks/node_modules_next_dist_f3530cac._.js:2297
[ 1113991ms] [LOG] [Fast Refresh] rebuilding @ http://localhost:60632/_next/static/chunks/node_modules_next_dist_f3530cac._.js:2297
[ 1114025ms] [LOG] [Fast Refresh] done in 145ms @ http://localhost:60632/_next/static/chunks/node_modules_next_dist_f3530cac._.js:2297
[ 1123992ms] [LOG] [Fast Refresh] rebuilding @ http://localhost:60632/_next/static/chunks/node_modules_next_dist_f3530cac._.js:2297
[ 1123992ms] [LOG] [Fast Refresh] done in 114ms @ http://localhost:60632/_next/static/chunks/node_modules_next_dist_f3530cac._.js:2297
[ 1133974ms] [LOG] [Fast Refresh] rebuilding @ http://localhost:60632/_next/static/chunks/node_modules_next_dist_f3530cac._.js:2297
[ 1133975ms] [LOG] [Fast Refresh] done in 110ms @ http://localhost:60632/_next/static/chunks/node_modules_next_dist_f3530cac._.js:2297
[ 1143975ms] [LOG] [Fast Refresh] rebuilding @ http://localhost:60632/_next/static/chunks/node_modules_next_dist_f3530cac._.js:2297
[ 1144012ms] [LOG] [Fast Refresh] done in 145ms @ http://localhost:60632/_next/static/chunks/node_modules_next_dist_f3530cac._.js:2297
[ 1149692ms] [LOG] [Fast Refresh] rebuilding @ http://localhost:60632/_next/static/chunks/node_modules_next_dist_f3530cac._.js:2297
[ 1149765ms] [LOG] [Fast Refresh] done in 187ms @ http://localhost:60632/_next/static/chunks/node_modules_next_dist_f3530cac._.js:2297
[ 1153997ms] [LOG] [Fast Refresh] rebuilding @ http://localhost:60632/_next/static/chunks/node_modules_next_dist_f3530cac._.js:2297
[ 1154330ms] [LOG] [Fast Refresh] done in 447ms @ http://localhost:60632/_next/static/chunks/node_modules_next_dist_f3530cac._.js:2297
[ 1173991ms] [LOG] [Fast Refresh] rebuilding @ http://localhost:60632/_next/static/chunks/node_modules_next_dist_f3530cac._.js:2297
[ 1174025ms] [LOG] [Fast Refresh] done in 147ms @ http://localhost:60632/_next/static/chunks/node_modules_next_dist_f3530cac._.js:2297
[ 1183992ms] [LOG] [Fast Refresh] rebuilding @ http://localhost:60632/_next/static/chunks/node_modules_next_dist_f3530cac._.js:2297
[ 1183993ms] [LOG] [Fast Refresh] done in 112ms @ http://localhost:60632/_next/static/chunks/node_modules_next_dist_f3530cac._.js:2297
[ 1184347ms] [LOG] [Fast Refresh] rebuilding @ http://localhost:60632/_next/static/chunks/node_modules_next_dist_f3530cac._.js:2297
[ 1184531ms] [LOG] [Fast Refresh] done in 299ms @ http://localhost:60632/_next/static/chunks/node_modules_next_dist_f3530cac._.js:2297
[ 1203964ms] [LOG] [Fast Refresh] rebuilding @ http://localhost:60632/_next/static/chunks/node_modules_next_dist_f3530cac._.js:2297
[ 1203990ms] [LOG] [Fast Refresh] done in 129ms @ http://localhost:60632/_next/static/chunks/node_modules_next_dist_f3530cac._.js:2297
[ 1213990ms] [LOG] [Fast Refresh] rebuilding @ http://localhost:60632/_next/static/chunks/node_modules_next_dist_f3530cac._.js:2297
[ 1214009ms] [LOG] [Fast Refresh] done in 130ms @ http://localhost:60632/_next/static/chunks/node_modules_next_dist_f3530cac._.js:2297
[ 1214797ms] [LOG] [Fast Refresh] rebuilding @ http://localhost:60632/_next/static/chunks/node_modules_next_dist_f3530cac._.js:2297
[ 1214882ms] [LOG] [Fast Refresh] done in 202ms @ http://localhost:60632/_next/static/chunks/node_modules_next_dist_f3530cac._.js:2297
[ 1233992ms] [LOG] [Fast Refresh] rebuilding @ http://localhost:60632/_next/static/chunks/node_modules_next_dist_f3530cac._.js:2297
[ 1234009ms] [LOG] [Fast Refresh] done in 131ms @ http://localhost:60632/_next/static/chunks/node_modules_next_dist_f3530cac._.js:2297
[ 1247380ms] [LOG] [Fast Refresh] rebuilding @ http://localhost:60632/_next/static/chunks/node_modules_next_dist_f3530cac._.js:2297
[ 1247899ms] [LOG] [Fast Refresh] done in 551ms @ http://localhost:60632/_next/static/chunks/node_modules_next_dist_f3530cac._.js:2297
[ 1250654ms] [LOG] [Fast Refresh] rebuilding @ http://localhost:60632/_next/static/chunks/node_modules_next_dist_f3530cac._.js:2297
[ 1250676ms] [LOG] [Fast Refresh] done in 134ms @ http://localhost:60632/_next/static/chunks/node_modules_next_dist_f3530cac._.js:2297
[ 1252155ms] [LOG] [Fast Refresh] rebuilding @ http://localhost:60632/_next/static/chunks/node_modules_next_dist_f3530cac._.js:2297
[ 1254065ms] [LOG] [Fast Refresh] done in 2023ms @ http://localhost:60632/_next/static/chunks/node_modules_next_dist_f3530cac._.js:2297
[ 1254258ms] [LOG] [Fast Refresh] rebuilding @ http://localhost:60632/_next/static/chunks/node_modules_next_dist_f3530cac._.js:2297
[ 1254258ms] [LOG] [Fast Refresh] done in 115ms @ http://localhost:60632/_next/static/chunks/node_modules_next_dist_f3530cac._.js:2297
[ 1254557ms] [LOG] [Fast Refresh] rebuilding @ http://localhost:60632/_next/static/chunks/node_modules_next_dist_f3530cac._.js:2297
[ 1254558ms] [LOG] [Fast Refresh] done in 114ms @ http://localhost:60632/_next/static/chunks/node_modules_next_dist_f3530cac._.js:2297
[ 1255641ms] [LOG] [Fast Refresh] rebuilding @ http://localhost:60632/_next/static/chunks/node_modules_next_dist_f3530cac._.js:2297
[ 1255646ms] [LOG] [Fast Refresh] done in 115ms @ http://localhost:60632/_next/static/chunks/node_modules_next_dist_f3530cac._.js:2297
[ 1263989ms] [LOG] [Fast Refresh] rebuilding @ http://localhost:60632/_next/static/chunks/node_modules_next_dist_f3530cac._.js:2297
[ 1264016ms] [LOG] [Fast Refresh] done in 141ms @ http://localhost:60632/_next/static/chunks/node_modules_next_dist_f3530cac._.js:2297
[ 1269970ms] [LOG] [Fast Refresh] rebuilding @ http://localhost:60632/_next/static/chunks/node_modules_next_dist_f3530cac._.js:2297
[ 1269993ms] [LOG] [Fast Refresh] done in 146ms @ http://localhost:60632/_next/static/chunks/node_modules_next_dist_f3530cac._.js:2297
[ 1273993ms] [LOG] [Fast Refresh] rebuilding @ http://localhost:60632/_next/static/chunks/node_modules_next_dist_f3530cac._.js:2297
[ 1274048ms] [LOG] [Fast Refresh] done in 167ms @ http://localhost:60632/_next/static/chunks/node_modules_next_dist_f3530cac._.js:2297
